// Jest Snapshot v1, https://goo.gl/fbAQLP

exports[`App Suite should Render Correctly 1`] = `
<DocumentFragment>
  Component
</DocumentFragment>
`;
